Relating commits to refs
Ref heads/topic1-1: creating summaries
Ref heads/topic1-1: creating Emails
  Skipping old commit 00011fffffffffffffffffffffffffffffffffff
  Skipping old commit 00012fffffffffffffffffffffffffffffffffff
  Skipping old commit 00014fffffffffffffffffffffffffffffffffff
  Skipping old commit 00015fffffffffffffffffffffffffffffffffff
  Skipping old commit 00016fffffffffffffffffffffffffffffffffff
  Skipping old commit 00017fffffffffffffffffffffffffffffffffff
  Formatting 00018fffffffffffffffffffffffffffffffffff
  Formatting 00019fffffffffffffffffffffffffffffffffff
Sending all Emails
Sending Emails!
  Writing $TEMP/1 - '[repo] topic1-1 branch is new with 8 commits'
  Writing $TEMP/2 - '[repo topic1-1 00018ffff, #7] Updating Other.txt [16]'
  Writing $TEMP/3 - '[repo topic1-1 00019ffff, #8] Updating Other.txt [17]'
