

Description
---
 test.c  |  4 ++++
 test.hs | 10 ++++++++++
 2 files changed, 14 insertions(+)
 create mode 100644 test.c
 create mode 100644 test.hs

diff --git a/test.c b/test.c
new file mode 100644
index 000000000000..12d780e2c4e9
--- /dev/null
+++ b/test.c
@@ -0,0 +1,4 @@
+int main(int argc, char **argv[])
+{
+	return 0;
+}
diff --git a/test.hs b/test.hs
new file mode 100644
index 000000000000..a1583118223f
--- /dev/null
+++ b/test.hs
@@ -0,0 +1,10 @@
+module Main where
+
+factorial n = if n < 2 then 1 else n * factorial (n-1)
+
+-- Comment
+
+main :: IO ()
+main = do
+    putStrLn "Hello world"
+

-- 
x.x.x

Sent by Gitomail 
