Relating commits to refs
Ref heads/master: creating summaries
Ref heads/master: creating Emails
  Formatting 00025fffffffffffffffffffffffffffffffffff
Sending all Emails
Sending Emails!
  Writing $TEMP/1 - '[repo] master branch added 1 commit: 00024ffff..00025ffff'
  Writing $TEMP/2 - '[repo master 00025ffff, #1] Modifing test'
