

---
 test.hs | 4 ++--
 1 file changed, 2 insertions(+), 2 deletions(-)

[0m[48;2;0;32;192m[Kdiff --git a/test.hs b/test.hs
[0m[48;2;0;32;192m[K[0m[K[0m[48;2;0;32;168m[Kindex a1583118223f..8d3b51c2c766 100644
[0m[48;2;0;32;168m[K[0m[K[0m[48;2;64;0;0m[K--- a/test.hs
[0m[48;2;64;0;0m[K[0m[K[0m[48;2;0;64;0m[K+++ b/test.hs
[0m[48;2;0;64;0m[K[0m[K[0m[48;2;0;32;96m[38;2;128;128;128m[K@@ -1,10 +1,10 @@
[0m[48;2;0;32;96m[38;2;128;128;128m[K[0m[K [0m[38;2;189;85;133m[Kmodule[0m[K [0m[38;2;111;183;183m[KMain[0m[K [0m[38;2;189;85;133m[Kwhere[0m[K
 
[0m[48;2;64;0;0m[K-factorial n = [0m[0m[48;2;64;0;0m[K[38;2;196;104;147m[Kif[0m[48;2;64;0;0m[K n < [0m[48;2;104;0;0m[K[0m[0m[48;2;104;0;0m[K[38;2;207;151;127m[K2[0m[48;2;104;0;0m[K[0m[48;2;64;0;0m[K [0m[0m[48;2;64;0;0m[K[38;2;196;104;147m[Kthen[0m[48;2;64;0;0m[K [0m[0m[48;2;64;0;0m[K[38;2;191;117;85m[K1[0m[48;2;64;0;0m[K [0m[0m[48;2;64;0;0m[K[38;2;196;104;147m[Kelse[0m[48;2;64;0;0m[K n * factorial (n-[0m[0m[48;2;64;0;0m[K[38;2;191;117;85m[K1[0m[48;2;64;0;0m[K)
[0m[48;2;64;0;0m[K[0m[K[0m[48;2;0;64;0m[K+factorial n = [0m[48;2;0;104;0m[K[0m[0m[48;2;0;104;0m[K[38;2;211;142;174m[Klet[0m[48;2;0;104;0m[K m = [0m[0m[48;2;0;104;0m[K[38;2;207;151;127m[K2[0m[48;2;0;104;0m[K [0m[0m[48;2;0;104;0m[K[38;2;211;142;174m[Kin[0m[48;2;0;104;0m[K [0m[48;2;0;64;0m[K[0m[0m[48;2;0;64;0m[K[38;2;196;104;147m[Kif[0m[48;2;0;64;0m[K n < [0m[48;2;0;104;0m[Km[0m[48;2;0;64;0m[K [0m[0m[48;2;0;64;0m[K[38;2;196;104;147m[Kthen[0m[48;2;0;64;0m[K [0m[0m[48;2;0;64;0m[K[38;2;191;117;85m[K1[0m[48;2;0;64;0m[K [0m[0m[48;2;0;64;0m[K[38;2;196;104;147m[Kelse[0m[48;2;0;64;0m[K n * factorial (n-[0m[0m[48;2;0;64;0m[K[38;2;191;117;85m[K1[0m[48;2;0;64;0m[K)
[0m[48;2;0;64;0m[K[0m[K 
 [0m[38;2;176;177;176m[K-- Comment
[0m[38;2;176;177;176m[K[0m[K 
 main :: [0m[38;2;111;183;183m[KIO[0m[K ()
 main = [0m[38;2;189;85;133m[Kdo[0m[K
[0m[48;2;0;64;0m[K+    getLine >>= putStrLn
[0m[48;2;0;64;0m[K[0m[K     putStrLn [0m[38;2;111;147;255m[K"Hello world"[0m[K
[0m[48;2;64;0;0m[K-
[0m[48;2;64;0;0m[K[0m[K
-- 
x.x.x

Sent by Gitomail 
