  Formatting 00025fffffffffffffffffffffffffffffffffff
  Formatting 00026fffffffffffffffffffffffffffffffffff
Sending E-Mails!
  Writing $TEMP/1 - '[repo] master branch added 2 commits: 00024ffff..00026ffff'
  Writing $TEMP/2 - '[repo master 00025ffff, #1] Updating README.md [14]'
  Writing $TEMP/3 - '[repo master 00026ffff, #2] Updating README.md [15]'
