Relating commits to refs
Ref heads/master: creating summaries
Ref heads/master: creating emails
  Formatting 00028fffffffffffffffffffffffffffffffffff
No emails to send.
