Checking ref heads/master
  Skipping old commit 00001fffffffffffffffffffffffffffffffffff
  Formatting 00002fffffffffffffffffffffffffffffffffff
Sending E-Mails!
  Writing $TEMP/1 - '[repo] master branch added 1 commit: 00001ffff..00002ffff'
  Writing $TEMP/2 - '[repo master 00002ffff, #1] Updating README.md [1]'
