Relating commits to refs
Ref heads/master: creating summaries
Ref heads/master: creating emails
Ref heads/branch-a: creating summaries
Ref heads/branch-a: creating emails
  Formatting 00046fffffffffffffffffffffffffffffffffff
Ref heads/branch-b: creating summaries
Ref heads/branch-b: creating emails
  Formatting 00047fffffffffffffffffffffffffffffffffff
Sending emails!
  Writing $TEMP/1 - '[repo] branch-a branch is new with 1 commit'
  Writing $TEMP/2 - '[repo branch-a 00046ffff, #1] Updating README.md [33]'
  Writing $TEMP/3 - '[repo] branch-b branch is new with 1 commit'
  Writing $TEMP/4 - '[repo branch-b 00047ffff, #1] Updating README.md [34]'
