Relating commits to refs
Ref tags/v0.8.2: creating summaries
Ref tags/v0.8.2: creating emails
  Skipping old commit 00048fffffffffffffffffffffffffffffffffff
  Skipping old commit 00049fffffffffffffffffffffffffffffffffff
Ref heads/r0.8.x: creating summaries
Ref heads/r0.8.x: creating emails
  Formatting 00050fffffffffffffffffffffffffffffffffff
  Formatting 00051fffffffffffffffffffffffffffffffffff
Sending emails!
  Writing $TEMP/1 - '[repo] v0.8.2 tag is new with 2 commits'
  Writing $TEMP/2 - '[repo] r0.8.x branch added 2 commits: 00049ffff..00051ffff'
  Writing $TEMP/3 - '[repo r0.8.x 00050ffff, #1] Updating README.md [37]'
  Writing $TEMP/4 - '[repo r0.8.x 00051ffff, #2] Updating README.md [38]'
