Relating commits to refs
Ref heads/r0.8.x: creating summaries
Ref heads/r0.8.x: creating emails
  Formatting 00053fffffffffffffffffffffffffffffffffff
Sending emails!
  Writing $TEMP/1 - '[repo] r0.8.x branch added 1 commit: 00052ffff..00053ffff'
  Writing $TEMP/2 - '[repo r0.8.x 00053ffff, #1] Updating README.md [39]'
