Relating commits to refs
Ref heads/topic: creating summaries
Ref heads/topic: creating Emails
  Formatting 00003fffffffffffffffffffffffffffffffffff
  Formatting 00004fffffffffffffffffffffffffffffffffff
Sending all Emails
Sending Emails!
  Writing $TEMP/1 - '[repo] topic branch is new with 2 commits'
  Writing $TEMP/2 - '[repo topic 00003ffff, #1] Updating README.md [2]'
  Writing $TEMP/3 - '[repo topic 00004ffff, #2] Updating README.md [3]'
