  Skipping old commit 00010fffffffffffffffffffffffffffffffffff
  Formatting 00011fffffffffffffffffffffffffffffffffff
  Formatting 00012fffffffffffffffffffffffffffffffffff
Sending E-Mails!
  Writing $TEMP/1 - '[repo] topic2 branch *rebased* having 2 commits total: 00008ffff...00012ffff'
  Writing $TEMP/2 - '[repo topic2 00011ffff, #1] Updating Other.txt [6]'
  Writing $TEMP/3 - '[repo topic2 00012ffff, #2] Updating Other.txt [7]'
