Initial save of ref map. Will start tracking refs from now (this may take awhile)
No E-Mails to send.
