Relating commits to refs
Ref heads/master: creating summaries
Ref heads/master: creating emails
Ref heads/older: creating summaries
Ref heads/older: creating emails
  Skipping old commit 00050fffffffffffffffffffffffffffffffffff
No emails to send.
