Relating commits to refs
Ref heads/user/for/other/feature: creating summaries
Ref heads/user/for/other/feature: creating Emails
  Formatting 00022fffffffffffffffffffffffffffffffffff
  Formatting 00023fffffffffffffffffffffffffffffffffff
Sending all Emails
Sending Emails!
  Writing $TEMP/1 - '[repo] user/for/other/feature branch is new with 2 commits'
  Writing $TEMP/2 - '[repo user/for/other/feature 00022ffff, #1] Updating README.md [12]'
  Writing $TEMP/3 - '[repo user/for/other/feature 00023ffff, #2] Updating README.md [13]'
